============================= test session starts =============================
platform win32 -- Python 3.14.0, pytest-9.0.2, pluggy-1.6.0 -- C:\Users\COWLAR\projects\LSTM_PFD\venv\Scripts\python.exe
cachedir: .pytest_cache
rootdir: C:\Users\COWLAR\projects\LSTM_PFD
configfile: pytest.ini
plugins: cov-7.0.0
collecting ... collected 30 items

tests/test_data_generation.py::TestSignalConfig::test_config_yaml_serialization FAILED [  3%]
tests/test_data_generation.py::TestSignalConfig::test_fault_config_enables FAILED [  6%]
tests/test_data_generation.py::TestSignalConfig::test_signal_config_defaults PASSED [ 10%]
tests/test_data_generation.py::TestSignalConfig::test_signal_config_validation PASSED [ 13%]
tests/test_data_generation.py::TestReproducibility::test_different_seeds_produce_different_signals FAILED [ 16%]
tests/test_data_generation.py::TestReproducibility::test_seed_reproducibility PASSED [ 20%]
tests/test_data_generation.py::TestFaultModeler::test_all_fault_types_generate 
tests/test_data_generation.py::TestFaultModeler::test_all_fault_types_generate PASSED [ 23%]
tests/test_data_generation.py::TestFaultModeler::test_desalignement_harmonics FAILED [ 26%]
tests/test_data_generation.py::TestFaultModeler::test_desequilibre_speed_dependence FAILED [ 30%]
tests/test_data_generation.py::TestFaultModeler::test_healthy_signal_generation FAILED [ 33%]
tests/test_data_generation.py::TestNoiseGenerator::test_individual_noise_sources 
tests/test_data_generation.py::TestNoiseGenerator::test_individual_noise_sources PASSED [ 36%]
tests/test_data_generation.py::TestNoiseGenerator::test_no_noise_when_disabled FAILED [ 40%]
tests/test_data_generation.py::TestNoiseGenerator::test_noise_increases_signal_power FAILED [ 43%]
tests/test_data_generation.py::TestSignalGenerator::test_all_faults_present FAILED [ 46%]
tests/test_data_generation.py::TestSignalGenerator::test_augmentation_ratio FAILED [ 50%]
tests/test_data_generation.py::TestSignalGenerator::test_dataset_generation PASSED [ 53%]
tests/test_data_generation.py::TestSignalGenerator::test_metadata_completeness FAILED [ 56%]
tests/test_data_generation.py::TestSignalGenerator::test_severity_distribution FAILED [ 60%]
tests/test_data_generation.py::TestSignalGenerator::test_signal_shape PASSED [ 63%]
tests/test_data_generation.py::TestSignalGenerator::test_signal_statistics FAILED [ 66%]
tests/test_data_generation.py::TestPhysicsCalculations::test_operating_conditions_variation FAILED [ 70%]
tests/test_data_generation.py::TestPhysicsCalculations::test_sommerfeld_calculation PASSED [ 73%]
tests/test_data_generation.py::TestHDF5Generation::test_hdf5_attributes PASSED [ 76%]
tests/test_data_generation.py::TestHDF5Generation::test_hdf5_split_ratios PASSED [ 80%]
tests/test_data_generation.py::TestHDF5Generation::test_load_from_hdf5 FAILED [ 83%]
tests/test_data_generation.py::TestHDF5Generation::test_save_dataset_both_formats PASSED [ 86%]
tests/test_data_generation.py::TestHDF5Generation::test_save_dataset_hdf5_only PASSED [ 90%]
tests/test_data_generation.py::TestCacheManagerSplits::test_cache_with_splits PASSED [ 93%]
tests/test_data_generation.py::TestCacheManagerSplits::test_stratified_splits PASSED [ 96%]
tests/test_data_generation.py::TestBackwardCompatibility::test_default_save_behavior_unchanged FAILED [100%]

================================== FAILURES ===================================
_______________ TestSignalConfig.test_config_yaml_serialization _______________
tests\test_data_generation.py:67: in test_config_yaml_serialization
    loaded_config = DataConfig.from_yaml(yaml_path)
                    ^^^^^^^^^^^^^^^^^^^^^^^^^^^^^^^
config\base_config.py:96: in from_yaml
    data = yaml.safe_load(f)
           ^^^^^^^^^^^^^^^^^
venv\Lib\site-packages\yaml\__init__.py:125: in safe_load
    return load(stream, SafeLoader)
           ^^^^^^^^^^^^^^^^^^^^^^^^
venv\Lib\site-packages\yaml\__init__.py:81: in load
    return loader.get_single_data()
           ^^^^^^^^^^^^^^^^^^^^^^^^
venv\Lib\site-packages\yaml\constructor.py:51: in get_single_data
    return self.construct_document(node)
           ^^^^^^^^^^^^^^^^^^^^^^^^^^^^^
venv\Lib\site-packages\yaml\constructor.py:60: in construct_document
    for dummy in generator:
                 ^^^^^^^^^
venv\Lib\site-packages\yaml\constructor.py:413: in construct_yaml_map
    value = self.construct_mapping(node)
            ^^^^^^^^^^^^^^^^^^^^^^^^^^^^
venv\Lib\site-packages\yaml\constructor.py:218: in construct_mapping
    return super().construct_mapping(node, deep=deep)
           ^^^^^^^^^^^^^^^^^^^^^^^^^^^^^^^^^^^^^^^^^^
venv\Lib\site-packages\yaml\constructor.py:143: in construct_mapping
    value = self.construct_object(value_node, deep=deep)
            ^^^^^^^^^^^^^^^^^^^^^^^^^^^^^^^^^^^^^^^^^^^^
venv\Lib\site-packages\yaml\constructor.py:100: in construct_object
    data = constructor(self, node)
           ^^^^^^^^^^^^^^^^^^^^^^^
venv\Lib\site-packages\yaml\constructor.py:427: in construct_undefined
    raise ConstructorError(None, None,
E   yaml.constructor.ConstructorError: could not determine a constructor for the tag 'tag:yaml.org,2002:python/tuple'
E     in "C:\Users\COWLAR\AppData\Local\Temp\tmpntw42m4b\test_config.yaml", line 63, column 15
_________________ TestSignalConfig.test_fault_config_enables __________________
tests\test_data_generation.py:76: in test_fault_config_enables
    self.assertTrue(config.enable_sain)
                    ^^^^^^^^^^^^^^^^^^
E   AttributeError: 'FaultConfig' object has no attribute 'enable_sain'
_____ TestReproducibility.test_different_seeds_produce_different_signals ______
tests\test_data_generation.py:124: in test_different_seeds_produce_different_signals
    self.assertFalse(np.array_equal(signal1, signal2))
E   AssertionError: True is not false
_____ TestFaultModeler.test_all_fault_types_generate (fault_type='sain') ______
tests\test_data_generation.py:245: in test_all_fault_types_generate
    signal = FaultModeler.generate_fault_signal(
E   TypeError: FaultModeler.generate_fault_signal() got an unexpected keyword argument 'fs'
_ TestFaultModeler.test_all_fault_types_generate (fault_type='desalignement') _
tests\test_data_generation.py:245: in test_all_fault_types_generate
    signal = FaultModeler.generate_fault_signal(
E   TypeError: FaultModeler.generate_fault_signal() got an unexpected keyword argument 'fs'
_ TestFaultModeler.test_all_fault_types_generate (fault_type='desequilibre') __
tests\test_data_generation.py:245: in test_all_fault_types_generate
    signal = FaultModeler.generate_fault_signal(
E   TypeError: FaultModeler.generate_fault_signal() got an unexpected keyword argument 'fs'
______ TestFaultModeler.test_all_fault_types_generate (fault_type='jeu') ______
tests\test_data_generation.py:245: in test_all_fault_types_generate
    signal = FaultModeler.generate_fault_signal(
E   TypeError: FaultModeler.generate_fault_signal() got an unexpected keyword argument 'fs'
_ TestFaultModeler.test_all_fault_types_generate (fault_type='lubrification') _
tests\test_data_generation.py:245: in test_all_fault_types_generate
    signal = FaultModeler.generate_fault_signal(
E   TypeError: FaultModeler.generate_fault_signal() got an unexpected keyword argument 'fs'
__ TestFaultModeler.test_all_fault_types_generate (fault_type='cavitation') ___
tests\test_data_generation.py:245: in test_all_fault_types_generate
    signal = FaultModeler.generate_fault_signal(
E   TypeError: FaultModeler.generate_fault_signal() got an unexpected keyword argument 'fs'
_____ TestFaultModeler.test_all_fault_types_generate (fault_type='usure') _____
tests\test_data_generation.py:245: in test_all_fault_types_generate
    signal = FaultModeler.generate_fault_signal(
E   TypeError: FaultModeler.generate_fault_signal() got an unexpected keyword argument 'fs'
___ TestFaultModeler.test_all_fault_types_generate (fault_type='oilwhirl') ____
tests\test_data_generation.py:245: in test_all_fault_types_generate
    signal = FaultModeler.generate_fault_signal(
E   TypeError: FaultModeler.generate_fault_signal() got an unexpected keyword argument 'fs'
_ TestFaultModeler.test_all_fault_types_generate (fault_type='mixed_misalign_imbalance') _
tests\test_data_generation.py:245: in test_all_fault_types_generate
    signal = FaultModeler.generate_fault_signal(
E   TypeError: FaultModeler.generate_fault_signal() got an unexpected keyword argument 'fs'
_ TestFaultModeler.test_all_fault_types_generate (fault_type='mixed_wear_lube') _
tests\test_data_generation.py:245: in test_all_fault_types_generate
    signal = FaultModeler.generate_fault_signal(
E   TypeError: FaultModeler.generate_fault_signal() got an unexpected keyword argument 'fs'
_ TestFaultModeler.test_all_fault_types_generate (fault_type='mixed_cavit_jeu') _
tests\test_data_generation.py:245: in test_all_fault_types_generate
    signal = FaultModeler.generate_fault_signal(
E   TypeError: FaultModeler.generate_fault_signal() got an unexpected keyword argument 'fs'
________________ TestFaultModeler.test_desalignement_harmonics ________________
tests\test_data_generation.py:163: in test_desalignement_harmonics
    signal = FaultModeler.generate_fault_signal(
E   TypeError: FaultModeler.generate_fault_signal() got an unexpected keyword argument 'fs'
_____________ TestFaultModeler.test_desequilibre_speed_dependence _____________
tests\test_data_generation.py:198: in test_desequilibre_speed_dependence
    signal_low = FaultModeler.generate_fault_signal(
E   TypeError: FaultModeler.generate_fault_signal() got an unexpected keyword argument 'fs'
_______________ TestFaultModeler.test_healthy_signal_generation _______________
tests\test_data_generation.py:141: in test_healthy_signal_generation
    signal = FaultModeler.generate_fault_signal(
E   TypeError: FaultModeler.generate_fault_signal() got an unexpected keyword argument 'fs'
_ TestNoiseGenerator.test_individual_noise_sources (noise_type='measurement') _
tests\test_data_generation.py:335: in test_individual_noise_sources
    noisy_signal, noise_info = NoiseGenerator.apply_noise_layers(
E   TypeError: NoiseGenerator.apply_noise_layers() takes 2 positional arguments but 3 were given
_____ TestNoiseGenerator.test_individual_noise_sources (noise_type='emi') _____
tests\test_data_generation.py:335: in test_individual_noise_sources
    noisy_signal, noise_info = NoiseGenerator.apply_noise_layers(
E   TypeError: NoiseGenerator.apply_noise_layers() takes 2 positional arguments but 3 were given
____ TestNoiseGenerator.test_individual_noise_sources (noise_type='pink') _____
tests\test_data_generation.py:335: in test_individual_noise_sources
    noisy_signal, noise_info = NoiseGenerator.apply_noise_layers(
E   TypeError: NoiseGenerator.apply_noise_layers() takes 2 positional arguments but 3 were given
____ TestNoiseGenerator.test_individual_noise_sources (noise_type='drift') ____
tests\test_data_generation.py:335: in test_individual_noise_sources
    noisy_signal, noise_info = NoiseGenerator.apply_noise_layers(
E   TypeError: NoiseGenerator.apply_noise_layers() takes 2 positional arguments but 3 were given
_ TestNoiseGenerator.test_individual_noise_sources (noise_type='quantization') _
tests\test_data_generation.py:335: in test_individual_noise_sources
    noisy_signal, noise_info = NoiseGenerator.apply_noise_layers(
E   TypeError: NoiseGenerator.apply_noise_layers() takes 2 positional arguments but 3 were given
_ TestNoiseGenerator.test_individual_noise_sources (noise_type='sensor_drift') _
tests\test_data_generation.py:335: in test_individual_noise_sources
    noisy_signal, noise_info = NoiseGenerator.apply_noise_layers(
E   TypeError: NoiseGenerator.apply_noise_layers() takes 2 positional arguments but 3 were given
___ TestNoiseGenerator.test_individual_noise_sources (noise_type='impulse') ___
tests\test_data_generation.py:335: in test_individual_noise_sources
    noisy_signal, noise_info = NoiseGenerator.apply_noise_layers(
E   TypeError: NoiseGenerator.apply_noise_layers() takes 2 positional arguments but 3 were given
_______________ TestNoiseGenerator.test_no_noise_when_disabled ________________
tests\test_data_generation.py:303: in test_no_noise_when_disabled
    noisy_signal, noise_info = NoiseGenerator.apply_noise_layers(
E   TypeError: NoiseGenerator.apply_noise_layers() takes 2 positional arguments but 3 were given
____________ TestNoiseGenerator.test_noise_increases_signal_power _____________
tests\test_data_generation.py:281: in test_noise_increases_signal_power
    noisy_signal, noise_info = NoiseGenerator.apply_noise_layers(
E   TypeError: NoiseGenerator.apply_noise_layers() takes 2 positional arguments but 3 were given
_________________ TestSignalGenerator.test_all_faults_present _________________
tests\test_data_generation.py:406: in test_all_faults_present
    if self.config.fault.enable_sain:
       ^^^^^^^^^^^^^^^^^^^^^^^^^^^^^
E   AttributeError: 'FaultConfig' object has no attribute 'enable_sain'
_________________ TestSignalGenerator.test_augmentation_ratio _________________
tests\test_data_generation.py:442: in test_augmentation_ratio
    augmented_count = sum(1 for m in metadata if m.get('is_augmented', False))
                      ^^^^^^^^^^^^^^^^^^^^^^^^^^^^^^^^^^^^^^^^^^^^^^^^^^^^^^^^
tests\test_data_generation.py:442: in <genexpr>
    augmented_count = sum(1 for m in metadata if m.get('is_augmented', False))
                                                 ^^^^^
E   AttributeError: 'SignalMetadata' object has no attribute 'get'
_______________ TestSignalGenerator.test_metadata_completeness ________________
tests\test_data_generation.py:427: in test_metadata_completeness
    self.assertIn(field, metadata)
E   TypeError: argument of type 'SignalMetadata' is not a container or iterable
_______________ TestSignalGenerator.test_severity_distribution ________________
tests\test_data_generation.py:458: in test_severity_distribution
    severities = [m['severity_level'] for m in dataset['metadata']]
                  ^^^^^^^^^^^^^^^^^^^
E   TypeError: 'SignalMetadata' object is not subscriptable
_________________ TestSignalGenerator.test_signal_statistics __________________
tests\test_data_generation.py:477: in test_signal_statistics
    metadata_rms = metadata['rms']
                   ^^^^^^^^^^^^^^^
E   TypeError: 'SignalMetadata' object is not subscriptable
_________ TestPhysicsCalculations.test_operating_conditions_variation _________
tests\test_data_generation.py:511: in test_operating_conditions_variation
    speeds = [m['speed_rpm'] for m in dataset['metadata']]
              ^^^^^^^^^^^^^^
E   TypeError: 'SignalMetadata' object is not subscriptable
------------------------------ Captured log call ------------------------------
INFO     data.signal_generator:signal_generator.py:420 Signal Generator initialized\nINFO     data.signal_generator:signal_generator.py:421   Sampling rate: 20480 Hz\nINFO     data.signal_generator:signal_generator.py:422   Signal duration: 5.0 s\nINFO     data.signal_generator:signal_generator.py:423   Samples per signal: 102400\nINFO     data.signal_generator:signal_generator.py:439 Generating dataset for 11 fault types\nINFO     data.signal_generator:signal_generator.py:449 [1/11] Generating fault: sain\nINFO     data.signal_generator:signal_generator.py:475   \u2713 Generated 65 signals (50 base + 15 augmented)\nINFO     data.signal_generator:signal_generator.py:449 [2/11] Generating fault: desalignement\nINFO     data.signal_generator:signal_generator.py:475   \u2713 Generated 65 signals (50 base + 15 augmented)\nINFO     data.signal_generator:signal_generator.py:449 [3/11] Generating fault: desequilibre\nINFO     data.signal_generator:signal_generator.py:475   \u2713 Generated 65 signals (50 base + 15 augmented)\nINFO     data.signal_generator:signal_generator.py:449 [4/11] Generating fault: jeu\nINFO     data.signal_generator:signal_generator.py:475   \u2713 Generated 65 signals (50 base + 15 augmented)\nINFO     data.signal_generator:signal_generator.py:449 [5/11] Generating fault: lubrification\nINFO     data.signal_generator:signal_generator.py:475   \u2713 Generated 65 signals (50 base + 15 augmented)\nINFO     data.signal_generator:signal_generator.py:449 [6/11] Generating fault: cavitation\nINFO     data.signal_generator:signal_generator.py:475   \u2713 Generated 65 signals (50 base + 15 augmented)\nINFO     data.signal_generator:signal_generator.py:449 [7/11] Generating fault: usure\nINFO     data.signal_generator:signal_generator.py:475   \u2713 Generated 65 signals (50 base + 15 augmented)\nINFO     data.signal_generator:signal_generator.py:449 [8/11] Generating fault: oilwhirl\nINFO     data.signal_generator:signal_generator.py:475   \u2713 Generated 65 signals (50 base + 15 augmented)\nINFO     data.signal_generator:signal_generator.py:449 [9/11] Generating fault: mixed_misalign_imbalance\nINFO     data.signal_generator:signal_generator.py:475   \u2713 Generated 65 signals (50 base + 15 augmented)\nINFO     data.signal_generator:signal_generator.py:449 [10/11] Generating fault: mixed_wear_lube\nINFO     data.signal_generator:signal_generator.py:475   \u2713 Generated 65 signals (50 base + 15 augmented)\nINFO     data.signal_generator:signal_generator.py:449 [11/11] Generating fault: mixed_cavit_jeu\nINFO     data.signal_generator:signal_generator.py:475   \u2713 Generated 65 signals (50 base + 15 augmented)\nINFO     data.signal_generator:signal_generator.py:479 ============================================================\nINFO     data.signal_generator:signal_generator.py:480 \u2705 DATA GENERATION COMPLETE\nINFO     data.signal_generator:signal_generator.py:481   Total signals: 715\nINFO     data.signal_generator:signal_generator.py:482   Fault types: 11\nINFO     data.signal_generator:signal_generator.py:483   Generation time: 42.36 s (16.88 signals/s)\nINFO     data.signal_generator:signal_generator.py:484 ============================================================
___________________ TestHDF5Generation.test_load_from_hdf5 ____________________
tests\test_data_generation.py:630: in test_load_from_hdf5
    self.assertIsInstance(label, int)
E   AssertionError: tensor(5) is not an instance of <class 'int'>
------------------------------ Captured log call ------------------------------
INFO     data.signal_generator:signal_generator.py:420 Signal Generator initialized\nINFO     data.signal_generator:signal_generator.py:421   Sampling rate: 20480 Hz\nINFO     data.signal_generator:signal_generator.py:422   Signal duration: 5.0 s\nINFO     data.signal_generator:signal_generator.py:423   Samples per signal: 102400\nINFO     data.signal_generator:signal_generator.py:439 Generating dataset for 11 fault types\nINFO     data.signal_generator:signal_generator.py:449 [1/11] Generating fault: sain\nINFO     data.signal_generator:signal_generator.py:475   \u2713 Generated 26 signals (20 base + 6 augmented)\nINFO     data.signal_generator:signal_generator.py:449 [2/11] Generating fault: desalignement\nINFO     data.signal_generator:signal_generator.py:475   \u2713 Generated 26 signals (20 base + 6 augmented)\nINFO     data.signal_generator:signal_generator.py:449 [3/11] Generating fault: desequilibre\nINFO     data.signal_generator:signal_generator.py:475   \u2713 Generated 26 signals (20 base + 6 augmented)\nINFO     data.signal_generator:signal_generator.py:449 [4/11] Generating fault: jeu\nINFO     data.signal_generator:signal_generator.py:475   \u2713 Generated 26 signals (20 base + 6 augmented)\nINFO     data.signal_generator:signal_generator.py:449 [5/11] Generating fault: lubrification\nINFO     data.signal_generator:signal_generator.py:475   \u2713 Generated 26 signals (20 base + 6 augmented)\nINFO     data.signal_generator:signal_generator.py:449 [6/11] Generating fault: cavitation\nINFO     data.signal_generator:signal_generator.py:475   \u2713 Generated 26 signals (20 base + 6 augmented)\nINFO     data.signal_generator:signal_generator.py:449 [7/11] Generating fault: usure\nINFO     data.signal_generator:signal_generator.py:475   \u2713 Generated 26 signals (20 base + 6 augmented)\nINFO     data.signal_generator:signal_generator.py:449 [8/11] Generating fault: oilwhirl\nINFO     data.signal_generator:signal_generator.py:475   \u2713 Generated 26 signals (20 base + 6 augmented)\nINFO     data.signal_generator:signal_generator.py:449 [9/11] Generating fault: mixed_misalign_imbalance\nINFO     data.signal_generator:signal_generator.py:475   \u2713 Generated 26 signals (20 base + 6 augmented)\nINFO     data.signal_generator:signal_generator.py:449 [10/11] Generating fault: mixed_wear_lube\nINFO     data.signal_generator:signal_generator.py:475   \u2713 Generated 26 signals (20 base + 6 augmented)\nINFO     data.signal_generator:signal_generator.py:449 [11/11] Generating fault: mixed_cavit_jeu\nINFO     data.signal_generator:signal_generator.py:475   \u2713 Generated 26 signals (20 base + 6 augmented)\nINFO     data.signal_generator:signal_generator.py:479 ============================================================\nINFO     data.signal_generator:signal_generator.py:480 \u2705 DATA GENERATION COMPLETE\nINFO     data.signal_generator:signal_generator.py:481   Total signals: 286\nINFO     data.signal_generator:signal_generator.py:482   Fault types: 11\nINFO     data.signal_generator:signal_generator.py:483   Generation time: 10.67 s (26.80 signals/s)\nINFO     data.signal_generator:signal_generator.py:484 ============================================================\nINFO     data.signal_generator:signal_generator.py:785 Saving HDF5 file to: C:\\Users\\COWLAR\\AppData\\Local\\Temp\\tmp7dheoelu\\output\\dataset.h5\nINFO     data.signal_generator:signal_generator.py:929 Created HDF5 with splits - Train: 200, Val: 43, Test: 43\nINFO     data.signal_generator:signal_generator.py:793 \u2713 Saved HDF5 file: C:\\Users\\COWLAR\\AppData\\Local\\Temp\\tmp7dheoelu\\output\\dataset.h5\nINFO     data.dataset:dataset.py:275 Loading train set from HDF5: C:\\Users\\COWLAR\\AppData\\Local\\Temp\\tmp7dheoelu\\output\\dataset.h5\nINFO     data.dataset:dataset.py:288 Loaded 200 samples from train split\nINFO     data.dataset:dataset.py:79 Created BearingFaultDataset: 200 samples, 11 classes
_______ TestBackwardCompatibility.test_default_save_behavior_unchanged ________
tests\test_data_generation.py:801: in test_default_save_behavior_unchanged
    self.assertIn('mat_dir', saved_paths)
E   AssertionError: 'mat_dir' not found in {'hdf5': WindowsPath('C:/Users/COWLAR/AppData/Local/Temp/tmp3qnwobq_/output/dataset.h5')}
------------------------------ Captured log call ------------------------------
INFO     data.signal_generator:signal_generator.py:420 Signal Generator initialized\nINFO     data.signal_generator:signal_generator.py:421   Sampling rate: 20480 Hz\nINFO     data.signal_generator:signal_generator.py:422   Signal duration: 5.0 s\nINFO     data.signal_generator:signal_generator.py:423   Samples per signal: 102400\nINFO     data.signal_generator:signal_generator.py:439 Generating dataset for 11 fault types\nINFO     data.signal_generator:signal_generator.py:449 [1/11] Generating fault: sain\nINFO     data.signal_generator:signal_generator.py:475   \u2713 Generated 26 signals (20 base + 6 augmented)\nINFO     data.signal_generator:signal_generator.py:449 [2/11] Generating fault: desalignement\nINFO     data.signal_generator:signal_generator.py:475   \u2713 Generated 26 signals (20 base + 6 augmented)\nINFO     data.signal_generator:signal_generator.py:449 [3/11] Generating fault: desequilibre\nINFO     data.signal_generator:signal_generator.py:475   \u2713 Generated 26 signals (20 base + 6 augmented)\nINFO     data.signal_generator:signal_generator.py:449 [4/11] Generating fault: jeu\nINFO     data.signal_generator:signal_generator.py:475   \u2713 Generated 26 signals (20 base + 6 augmented)\nINFO     data.signal_generator:signal_generator.py:449 [5/11] Generating fault: lubrification\nINFO     data.signal_generator:signal_generator.py:475   \u2713 Generated 26 signals (20 base + 6 augmented)\nINFO     data.signal_generator:signal_generator.py:449 [6/11] Generating fault: cavitation\nINFO     data.signal_generator:signal_generator.py:475   \u2713 Generated 26 signals (20 base + 6 augmented)\nINFO     data.signal_generator:signal_generator.py:449 [7/11] Generating fault: usure\nINFO     data.signal_generator:signal_generator.py:475   \u2713 Generated 26 signals (20 base + 6 augmented)\nINFO     data.signal_generator:signal_generator.py:449 [8/11] Generating fault: oilwhirl\nINFO     data.signal_generator:signal_generator.py:475   \u2713 Generated 26 signals (20 base + 6 augmented)\nINFO     data.signal_generator:signal_generator.py:449 [9/11] Generating fault: mixed_misalign_imbalance\nINFO     data.signal_generator:signal_generator.py:475   \u2713 Generated 26 signals (20 base + 6 augmented)\nINFO     data.signal_generator:signal_generator.py:449 [10/11] Generating fault: mixed_wear_lube\nINFO     data.signal_generator:signal_generator.py:475   \u2713 Generated 26 signals (20 base + 6 augmented)\nINFO     data.signal_generator:signal_generator.py:449 [11/11] Generating fault: mixed_cavit_jeu\nINFO     data.signal_generator:signal_generator.py:475   \u2713 Generated 26 signals (20 base + 6 augmented)\nINFO     data.signal_generator:signal_generator.py:479 ============================================================\nINFO     data.signal_generator:signal_generator.py:480 \u2705 DATA GENERATION COMPLETE\nINFO     data.signal_generator:signal_generator.py:481   Total signals: 286\nINFO     data.signal_generator:signal_generator.py:482   Fault types: 11\nINFO     data.signal_generator:signal_generator.py:483   Generation time: 12.69 s (22.54 signals/s)\nINFO     data.signal_generator:signal_generator.py:484 ============================================================\nINFO     data.signal_generator:signal_generator.py:785 Saving HDF5 file to: C:\\Users\\COWLAR\\AppData\\Local\\Temp\\tmp3qnwobq_\\output\\dataset.h5\nINFO     data.signal_generator:signal_generator.py:929 Created HDF5 with splits - Train: 200, Val: 43, Test: 43\nINFO     data.signal_generator:signal_generator.py:793 \u2713 Saved HDF5 file: C:\\Users\\COWLAR\\AppData\\Local\\Temp\\tmp3qnwobq_\\output\\dataset.h5
=============================== tests coverage ================================
_______________ coverage: platform win32, python 3.14.0-final-0 _______________

Name                                                                            Stmts   Miss   Cover   Missing
--------------------------------------------------------------------------------------------------------------
benchmarks\__init__.py                                                              5      5   0.00%   11-16
benchmarks\industrial_validation.py                                                53     53   0.00%   10-213
benchmarks\literature_comparison.py                                                55     55   0.00%   10-223
benchmarks\resource_profiling.py                                                  125    125   0.00%   10-285
benchmarks\scalability_benchmark.py                                               106    106   0.00%   10-258
check_pytorch_cuda.py                                                              79     79   0.00%   6-104
check_requirements.py                                                             127    127   0.00%   4-263
config\__init__.py                                                                  6      0 100.00%
config\base_config.py                                                              57     19  66.67%   93, 99-101, 125, 144-158, 180-181, 186-187, 192
config\data_config.py                                                             123     16  86.99%   51, 82, 136, 172, 196, 215, 236, 261, 342-343, 357-364
config\experiment_config.py                                                        61     11  81.97%   51, 101, 150, 176-180, 195-207
config\model_config.py                                                            106     11  89.62%   59, 111, 166, 211, 266, 311, 363-375, 378
config\training_config.py                                                         114      9  92.11%   61, 120, 176, 213, 262, 339, 361-363
data\__init__.py                                                                    9      0 100.00%
data\augmentation.py                                                               95     76  20.00%   50, 74-92, 116-129, 151-162, 190-200, 224-237, 257-259, 279-280, 298-299, 319-335, 362-390, 412-430
data\cache_manager.py                                                             144     81  43.75%   77-108, 126-150, 166-167, 179-185, 198-216, 232-249, 268-272, 388-390, 404, 410, 431-443, 461-476
data\cnn_dataloader.py                                                             83     83   0.00%   15-338
data\cnn_dataset.py                                                               130    130   0.00%   16-406
data\cnn_transforms.py                                                            126    126   0.00%   16-391
data\contrast_learning_tfr.py                                                     110    110   0.00%   38-366
data\data_validator.py                                                            197    175  11.17%   82-84, 107-174, 187-232, 242-256, 267-283, 298-312, 336-366, 383-435, 472-515
data\dataloader.py                                                                100     82  18.00%   65-92, 131-175, 198-204, 235-279, 300-318, 335-354, 378-379, 382, 386-396, 421-432
data\dataset.py                                                                   185    123  33.51%   72, 102, 108-110, 114-115, 124-126, 138-140, 163-167, 185-195, 273, 279-280, 331-338, 342-360, 396-414, 418-450, 454-455, 458, 462-481, 512-565, 581-584
data\matlab_importer.py                                                           179    151  15.64%   69-70, 90-107, 126-144, 159-176, 185-205, 212-233, 239-250, 256-263, 280-300, 322-324, 336-351, 372-380, 413-482, 495
data\signal_augmentation.py                                                       172    172   0.00%   21-495
data\signal_generator.py                                                          419     20  95.23%   190, 269, 289, 322, 332, 341, 350, 358, 367, 389, 410, 456, 635, 737, 749, 838-839, 843, 846, 854
data\spectrogram_augmentation.py                                                  124    124   0.00%   24-392
data\spectrogram_generator.py                                                     106    106   0.00%   11-388
data\tfr_dataset.py                                                               147    147   0.00%   11-391
data\transforms.py                                                                142     97  31.69%   46, 50-52, 77-78, 82-101, 127-129, 133-149, 177-186, 192, 213-220, 226, 247-254, 260, 279, 283, 304, 308-311, 330, 334, 354-355, 359, 378, 383-391, 417-419, 423-440, 463-474
data\wavelet_transform.py                                                         129    129   0.00%   12-477
data\wigner_ville.py                                                               85     85   0.00%   12-313
experiments\__init__.py                                                             1      1   0.00%   3
experiments\cnn_experiment.py                                                     211    211   0.00%   17-533
experiments\compare_experiments.py                                                 43     43   0.00%   10-123
experiments\ensemble_comparison.py                                                177    177   0.00%   20-482
experiments\experiment_manager.py                                                  53     53   0.00%   11-147
experiments\hyperparameter_tuner.py                                                40     40   0.00%   11-125
experiments\pinn_ablation.py                                                      169    169   0.00%   25-467
integration\__init__.py                                                             5      5   0.00%   11-16
integration\configuration_validator.py                                             99     99   0.00%   10-297
integration\data_pipeline_validator.py                                             84     84   0.00%   10-199
integration\model_registry.py                                                      68     68   0.00%   10-283
integration\unified_pipeline.py                                                   120    120   0.00%   10-254
packages\__init__.py                                                                0      0 100.00%
packages\core\__init__.py                                                           4      4   0.00%   14-17
packages\core\evaluation\__init__.py                                                1      1   0.00%   3
packages\core\evaluation\architecture_comparison.py                               195    195   0.00%   14-534
packages\core\evaluation\attention_visualization.py                               144    144   0.00%   15-397
packages\core\evaluation\benchmark.py                                              29     29   0.00%   10-90
packages\core\evaluation\cnn_evaluator.py                                         180    180   0.00%   16-458
packages\core\evaluation\confusion_analyzer.py                                     34     34   0.00%   10-98
packages\core\evaluation\ensemble_evaluator.py                                    184    184   0.00%   14-438
packages\core\evaluation\ensemble_voting.py                                       147    147   0.00%   18-406
packages\core\evaluation\error_analysis.py                                        166    166   0.00%   16-451
packages\core\evaluation\evaluator.py                                              47     47   0.00%   11-161
packages\core\evaluation\physics_interpretability.py                              231    231   0.00%   18-473
packages\core\evaluation\pinn_evaluator.py                                        150    150   0.00%   17-428
packages\core\evaluation\robustness_tester.py                                      46     46   0.00%   10-112
packages\core\evaluation\roc_analyzer.py                                           32     32   0.00%   10-84
packages\core\evaluation\spectrogram_evaluator.py                                 156    156   0.00%   18-376
packages\core\evaluation\time_vs_frequency_comparison.py                          166    166   0.00%   31-463
packages\core\explainability\__init__.py                                            8      8   0.00%   16-50
packages\core\explainability\anchors.py                                           191    191   0.00%   30-512
packages\core\explainability\concept_activation_vectors.py                        168    168   0.00%   26-492
packages\core\explainability\integrated_gradients.py                              135    135   0.00%   19-388
packages\core\explainability\lime_explainer.py                                    138    138   0.00%   24-384
packages\core\explainability\partial_dependence.py                                173    173   0.00%   23-531
packages\core\explainability\shap_explainer.py                                    164    164   0.00%   22-413
packages\core\explainability\uncertainty_quantification.py                        141    141   0.00%   20-402
packages\core\features\__init__.py                                                  4      4   0.00%   11-15
packages\core\features\advanced_features.py                                       105    105   0.00%   19-350
packages\core\features\bispectrum.py                                               65     65   0.00%   15-228
packages\core\features\envelope_analysis.py                                        31     31   0.00%   14-145
packages\core\features\feature_extractor.py                                        83     83   0.00%   15-314
packages\core\features\feature_importance.py                                       77     77   0.00%   12-234
packages\core\features\feature_normalization.py                                    44     44   0.00%   12-163
packages\core\features\feature_selector.py                                         98     98   0.00%   15-293
packages\core\features\feature_validator.py                                        86     86   0.00%   12-233
packages\core\features\frequency_domain.py                                         58     58   0.00%   14-224
packages\core\features\time_domain.py                                              28     28   0.00%   14-167
packages\core\features\wavelet_features.py                                         58     58   0.00%   15-221
packages\core\models\__init__.py                                                   16     16   0.00%   3-85
packages\core\models\base_model.py                                                 89     89   0.00%   15-368
packages\core\models\classical\__init__.py                                          8      8   0.00%   11-19
packages\core\models\classical\gradient_boosting.py                                49     49   0.00%   13-195
packages\core\models\classical\model_selector.py                                   90     90   0.00%   12-240
packages\core\models\classical\neural_network.py                                   53     53   0.00%   14-205
packages\core\models\classical\random_forest.py                                    53     53   0.00%   14-199
packages\core\models\classical\stacked_ensemble.py                                 63     63   0.00%   14-213
packages\core\models\classical\svm_classifier.py                                   52     52   0.00%   14-189
packages\core\models\cnn\__init__.py                                                3      3   0.00%   15-22
packages\core\models\cnn\attention_cnn.py                                         175    175   0.00%   23-440
packages\core\models\cnn\cnn_1d.py                                                117    117   0.00%   15-308
packages\core\models\cnn\conv_blocks.py                                            80     80   0.00%   17-314
packages\core\models\cnn\multi_scale_cnn.py                                       160    160   0.00%   24-493
packages\core\models\cnn_1d.py                                                     81     81   0.00%   14-231
packages\core\models\efficientnet\__init__.py                                       4      4   0.00%   10-31
packages\core\models\efficientnet\efficientnet_1d.py                               97     97   0.00%   20-379
packages\core\models\efficientnet\mbconv_block.py                                 107    107   0.00%   16-335
packages\core\models\ensemble\__init__.py                                          28     28   0.00%   11-88
packages\core\models\ensemble\boosting_ensemble.py                                153    153   0.00%   11-431
packages\core\models\ensemble\mixture_of_experts.py                               150    150   0.00%   18-433
packages\core\models\ensemble\model_selector.py                                    64     64   0.00%   11-252
packages\core\models\ensemble\stacking_ensemble.py                                128    128   0.00%   12-379
packages\core\models\ensemble\voting_ensemble.py                                  142    142   0.00%   13-364
packages\core\models\fusion\__init__.py                                             4      4   0.00%   9-23
packages\core\models\fusion\early_fusion.py                                        97     97   0.00%   21-368
packages\core\models\fusion\late_fusion.py                                        155    155   0.00%   16-457
packages\core\models\hybrid\__init__.py                                             2      2   0.00%   8-13
packages\core\models\hybrid\cnn_lstm.py                                           111    111   0.00%   28-379
packages\core\models\hybrid\cnn_tcn.py                                            101    101   0.00%   28-340
packages\core\models\hybrid\cnn_transformer.py                                     87     87   0.00%   14-334
packages\core\models\hybrid\multiscale_cnn.py                                      91     91   0.00%   32-305
packages\core\models\hybrid_pinn.py                                               102    102   0.00%   18-405
packages\core\models\legacy_ensemble.py                                           123    123   0.00%   14-381
packages\core\models\model_factory.py                                             106    106   0.00%   18-415
packages\core\models\nas\__init__.py                                                3      3   0.00%   14-21
packages\core\models\nas\search_space.py                                           81     81   0.00%   18-205
packages\core\models\physics\__init__.py                                            5      5   0.00%   10-36
packages\core\models\physics\bearing_dynamics.py                                  150    150   0.00%   15-408
packages\core\models\physics\fault_signatures.py                                  110    110   0.00%   12-396
packages\core\models\physics\operating_conditions.py                              155    155   0.00%   16-404
packages\core\models\pinn\__init__.py                                               6      6   0.00%   23-41
packages\core\models\pinn\hybrid_pinn.py                                          122    122   0.00%   23-399
packages\core\models\pinn\knowledge_graph_pinn.py                                 120    120   0.00%   33-430
packages\core\models\pinn\multitask_pinn.py                                       138    138   0.00%   30-459
packages\core\models\pinn\physics_constrained_cnn.py                              105    105   0.00%   22-407
packages\core\models\resnet\__init__.py                                             6      6   0.00%   11-42
packages\core\models\resnet\residual_blocks.py                                     87     87   0.00%   14-355
packages\core\models\resnet\resnet_1d.py                                          101    101   0.00%   15-347
packages\core\models\resnet\se_resnet.py                                          144    144   0.00%   14-426
packages\core\models\resnet\wide_resnet.py                                         74     74   0.00%   16-237
packages\core\models\resnet_1d.py                                                 100    100   0.00%   15-338
packages\core\models\spectrogram_cnn\__init__.py                                   11     11   0.00%   27-92
packages\core\models\spectrogram_cnn\dual_stream_cnn.py                           134    134   0.00%   43-374
packages\core\models\spectrogram_cnn\efficientnet2d_spectrogram.py                124    124   0.00%   15-369
packages\core\models\spectrogram_cnn\resnet2d_spectrogram.py                      152    152   0.00%   15-379
packages\core\models\transformer\__init__.py                                        3      3   0.00%   14-28
packages\core\models\transformer\signal_transformer.py                            126    126   0.00%   15-423
packages\core\models\transformer\vision_transformer_1d.py                         142    142   0.00%   16-442
packages\core\pipelines\__init__.py                                                 6      6   0.00%   11-17
packages\core\pipelines\classical_ml_pipeline.py                                  233    233   0.00%   14-562
packages\core\pipelines\feature_pipeline.py                                        52     52   0.00%   12-136
packages\core\pipelines\matlab_compat.py                                           27     27   0.00%   11-97
packages\core\pipelines\pipeline_validator.py                                      40     40   0.00%   11-113
packages\core\training\__init__.py                                                  1      1   0.00%   4
packages\core\training\advanced_augmentation.py                                   122    122   0.00%   16-447
packages\core\training\bayesian_optimizer.py                                       78     78   0.00%   14-246
packages\core\training\callbacks.py                                               129    129   0.00%   11-271
packages\core\training\cnn_callbacks.py                                           245    245   0.00%   17-539
packages\core\training\cnn_losses.py                                              124    124   0.00%   14-337
packages\core\training\cnn_optimizer.py                                           101    101   0.00%   14-399
packages\core\training\cnn_schedulers.py                                          145    145   0.00%   16-489
packages\core\training\cnn_trainer.py                                             202    202   0.00%   16-456
packages\core\training\grid_search.py                                              64     64   0.00%   12-216
packages\core\training\knowledge_distillation.py                                  129    129   0.00%   22-382
packages\core\training\losses.py                                                   58     58   0.00%   10-170
packages\core\training\metrics.py                                                  65     65   0.00%   12-248
packages\core\training\mixed_precision.py                                          39     39   0.00%   10-141
packages\core\training\optimizers.py                                               42     42   0.00%   15-198
packages\core\training\physics_loss_functions.py                                  161    161   0.00%   14-498
packages\core\training\pinn_trainer.py                                            163    163   0.00%   24-485
packages\core\training\progressive_resizing.py                                    112    112   0.00%   22-306
packages\core\training\random_search.py                                            52     52   0.00%   12-193
packages\core\training\spectrogram_trainer.py                                     130    130   0.00%   24-399
packages\core\training\trainer.py                                                 116    116   0.00%   12-283
packages\core\training\transformer_augmentation.py                                 95     95   0.00%   13-367
packages\core\training\transformer_schedulers.py                                   55     55   0.00%   13-237
packages\core\transformers\__init__.py                                              3      3   0.00%   35-39
packages\core\transformers\advanced\__init__.py                                     7      7   0.00%   13-70
packages\core\transformers\advanced\attention_mechanisms.py                       184    184   0.00%   13-513
packages\core\transformers\advanced\bert.py                                       188    188   0.00%   12-553
packages\core\transformers\advanced\gpt.py                                        171    171   0.00%   12-493
packages\core\transformers\advanced\swin_transformer.py                           233    233   0.00%   13-644
packages\core\transformers\advanced\t5.py                                         219    219   0.00%   12-613
packages\core\transformers\advanced\vision_transformer.py                         144    144   0.00%   10-463
packages\dashboard\__init__.py                                                      0      0 100.00%
packages\dashboard\api\__init__.py                                                  0      0 100.00%
packages\dashboard\api\api_keys.py                                                102    102   0.00%   5-371
packages\dashboard\api\routes.py                                                   29     29   0.00%   4-58
packages\dashboard\api\search.py                                                  109    109   0.00%   9-327
packages\dashboard\api\tags.py                                                    131    131   0.00%   11-333
packages\dashboard\app.py                                                          29     29   0.00%   5-79
packages\dashboard\callbacks\__init__.py                                          212    212   0.00%   4-290
packages\dashboard\callbacks\api_key_callbacks.py                                 235    235   0.00%   5-776
packages\dashboard\callbacks\api_monitoring_callbacks.py                           41     41   0.00%   5-144
packages\dashboard\callbacks\comparison_callbacks.py                               71     71   0.00%   4-174
packages\dashboard\callbacks\data_explorer_callbacks.py                            30     30   0.00%   4-56
packages\dashboard\callbacks\data_generation_callbacks.py                         112    112   0.00%   5-419
packages\dashboard\callbacks\datasets_callbacks.py                                126    126   0.00%   5-395
packages\dashboard\callbacks\deployment_callbacks.py                               87     87   0.00%   5-233
packages\dashboard\callbacks\email_digest_callbacks.py                            135    135   0.00%   5-386
packages\dashboard\callbacks\evaluation_callbacks.py                               74     74   0.00%   5-218
packages\dashboard\callbacks\experiment_wizard_callbacks.py                       181    181   0.00%   5-486
packages\dashboard\callbacks\experiments_callbacks.py                              81     81   0.00%   4-213
packages\dashboard\callbacks\feature_callbacks.py                                  90     90   0.00%   5-338
packages\dashboard\callbacks\hpo_callbacks.py                                      88     88   0.00%   5-235
packages\dashboard\callbacks\mat_import_callbacks.py                              121    121   0.00%   5-388
packages\dashboard\callbacks\nas_callbacks.py                                     122    122   0.00%   5-370
packages\dashboard\callbacks\notification_callbacks.py                            183    183   0.00%   5-490
packages\dashboard\callbacks\profile_callbacks.py                                  48     48   0.00%   5-119
packages\dashboard\callbacks\saved_search_callbacks.py                            132    132   0.00%   5-292
packages\dashboard\callbacks\security_callbacks.py                                220    220   0.00%   5-493
packages\dashboard\callbacks\signal_viewer_callbacks.py                            26     26   0.00%   4-63
packages\dashboard\callbacks\system_health_callbacks.py                           153    153   0.00%   5-428
packages\dashboard\callbacks\tag_callbacks.py                                     155    155   0.00%   5-383
packages\dashboard\callbacks\testing_callbacks.py                                 114    114   0.00%   5-359
packages\dashboard\callbacks\training_monitor_callbacks.py                        134    134   0.00%   5-318
packages\dashboard\callbacks\visualization_callbacks.py                           219    219   0.00%   5-538
packages\dashboard\callbacks\webhook_callbacks.py                                 177    177   0.00%   5-601
packages\dashboard\callbacks\xai_callbacks.py                                     181    181   0.00%   5-599
packages\dashboard\components\__init__.py                                           0      0 100.00%
packages\dashboard\components\cards.py                                              7      7   0.00%   4-24
packages\dashboard\components\footer.py                                             5      5   0.00%   4-11
packages\dashboard\components\header.py                                             5      5   0.00%   4-11
packages\dashboard\components\sidebar.py                                            5      5   0.00%   4-11
packages\dashboard\config.py                                                      127    127   0.00%   10-258
packages\dashboard\database\__init__.py                                             0      0 100.00%
packages\dashboard\database\connection.py                                          50     50   0.00%   4-104
packages\dashboard\database\run_migration.py                                       39     39   0.00%   5-73
packages\dashboard\database\seed_data.py                                           22     22   0.00%   4-45
packages\dashboard\integrations\__init__.py                                         0      0 100.00%
packages\dashboard\integrations\deep_learning_adapter.py                          176    176   0.00%   5-344
packages\dashboard\integrations\phase0_adapter.py                                 235    235   0.00%   5-457
packages\dashboard\integrations\phase1_adapter.py                                  44     44   0.00%   5-136
packages\dashboard\layouts\__init__.py                                              0      0 100.00%
packages\dashboard\layouts\api_monitoring.py                                        4      4   0.00%   5-11
packages\dashboard\layouts\data_explorer.py                                         5      5   0.00%   4-11
packages\dashboard\layouts\data_generation.py                                       5      5   0.00%   5-12
packages\dashboard\layouts\datasets.py                                              4      4   0.00%   9-23
packages\dashboard\layouts\deployment.py                                           16     16   0.00%   5-319
packages\dashboard\layouts\email_digest_management.py                               4      4   0.00%   5-11
packages\dashboard\layouts\evaluation_dashboard.py                                  4      4   0.00%   5-11
packages\dashboard\layouts\experiment_comparison.py                               165    165   0.00%   5-804
packages\dashboard\layouts\experiment_results.py                                    5      5   0.00%   5-12
packages\dashboard\layouts\experiment_wizard.py                                    18     18   0.00%   5-488
packages\dashboard\layouts\experiments.py                                          38     38   0.00%   5-348
packages\dashboard\layouts\feature_engineering.py                                   4      4   0.00%   5-11
packages\dashboard\layouts\home.py                                                  6      6   0.00%   4-12
packages\dashboard\layouts\hpo_campaigns.py                                         7      7   0.00%   5-96
packages\dashboard\layouts\model_comparison.py                                      9      9   0.00%   5-45
packages\dashboard\layouts\nas_dashboard.py                                         4      4   0.00%   5-19
packages\dashboard\layouts\settings.py                                             16     16   0.00%   5-791
packages\dashboard\layouts\signal_viewer.py                                         5      5   0.00%   4-11
packages\dashboard\layouts\system_health.py                                        41     41   0.00%   5-399
packages\dashboard\layouts\testing_dashboard.py                                     4      4   0.00%   5-11
packages\dashboard\layouts\training_monitor.py                                     17     17   0.00%   5-165
packages\dashboard\layouts\visualization.py                                        12     12   0.00%   9-342
packages\dashboard\layouts\xai_dashboard.py                                        10     10   0.00%   5-151
packages\dashboard\models\__init__.py                                              25     25   0.00%   2-27
packages\dashboard\models\api_key.py                                               47     47   0.00%   5-139
packages\dashboard\models\api_request_log.py                                       37     37   0.00%   2-93
packages\dashboard\models\backup_code.py                                           16     16   0.00%   7-59
packages\dashboard\models\base.py                                                  12     12   0.00%   4-22
packages\dashboard\models\dataset.py                                               14     14   0.00%   2-23
packages\dashboard\models\dataset_generation.py                                    20     20   0.00%   2-34
packages\dashboard\models\dataset_import.py                                        20     20   0.00%   2-34
packages\dashboard\models\email_digest_queue.py                                    14     14   0.00%   2-23
packages\dashboard\models\email_log.py                                             32     32   0.00%   2-60
packages\dashboard\models\experiment.py                                            42     42   0.00%   2-82
packages\dashboard\models\explanation.py                                            9      9   0.00%   2-14
packages\dashboard\models\hpo_campaign.py                                          27     27   0.00%   2-46
packages\dashboard\models\login_history.py                                         14     14   0.00%   2-33
packages\dashboard\models\nas_campaign.py                                          33     33   0.00%   5-84
packages\dashboard\models\notification_preference.py                               31     31   0.00%   2-65
packages\dashboard\models\saved_search.py                                          15     15   0.00%   2-49
packages\dashboard\models\session_log.py                                           18     18   0.00%   2-41
packages\dashboard\models\signal.py                                                15     15   0.00%   2-21
packages\dashboard\models\system_log.py                                            11     11   0.00%   2-18
packages\dashboard\models\tag.py                                                   24     24   0.00%   2-98
packages\dashboard\models\training_run.py                                          17     17   0.00%   2-26
packages\dashboard\models\user.py                                                  16     16   0.00%   2-28
packages\dashboard\models\webhook_configuration.py                                 25     25   0.00%   2-62
packages\dashboard\models\webhook_log.py                                           29     29   0.00%   2-70
packages\dashboard\services\__init__.py                                             0      0 100.00%
packages\dashboard\services\api_key_service.py                                    112    112   0.00%   5-396
packages\dashboard\services\api_monitoring_service.py                             110    110   0.00%   5-398
packages\dashboard\services\authentication_service.py                             193    193   0.00%   14-544
packages\dashboard\services\cache_service.py                                       70     70   0.00%   4-104
packages\dashboard\services\comparison_service.py                                 158    158   0.00%   5-458
packages\dashboard\services\data_service.py                                        89     89   0.00%   4-158
packages\dashboard\services\dataset_service.py                                    185    185   0.00%   5-410
packages\dashboard\services\deployment_service.py                                 177    177   0.00%   5-398
packages\dashboard\services\email_digest_service.py                                84     84   0.00%   5-228
packages\dashboard\services\email_provider.py                                      98     98   0.00%   5-288
packages\dashboard\services\evaluation_service.py                                 104    104   0.00%   5-298
packages\dashboard\services\explanation_cache.py                                  110    110   0.00%   5-288
packages\dashboard\services\feature_service.py                                    171    171   0.00%   5-466
packages\dashboard\services\hpo_service.py                                        107    107   0.00%   5-343
packages\dashboard\services\monitoring_service.py                                 109    109   0.00%   5-250
packages\dashboard\services\nas_service.py                                        123    123   0.00%   5-328
packages\dashboard\services\notification_providers\__init__.py                      4      4   0.00%   2-6
packages\dashboard\services\notification_providers\base.py                         23     23   0.00%   5-102
packages\dashboard\services\notification_providers\custom_webhook_notifier.py      53     53   0.00%   5-145
packages\dashboard\services\notification_providers\factory.py                      48     48   0.00%   5-103
packages\dashboard\services\notification_providers\slack_notifier.py              126    126   0.00%   5-323
packages\dashboard\services\notification_providers\teams_notifier.py               86     86   0.00%   5-225
packages\dashboard\services\notification_service.py                               249    249   0.00%   5-712
packages\dashboard\services\search_service.py                                     182    182   0.00%   11-553
packages\dashboard\services\signal_service.py                                      31     31   0.00%   4-67
packages\dashboard\services\tag_service.py                                        102    102   0.00%   6-381
packages\dashboard\services\testing_service.py                                    142    142   0.00%   5-389
packages\dashboard\services\webhook_service.py                                    136    136   0.00%   5-440
packages\dashboard\services\xai_service.py                                        193    193   0.00%   5-479
packages\dashboard\tasks\__init__.py                                                5      5   0.00%   4-15
packages\dashboard\tasks\data_generation_tasks.py                                  77     77   0.00%   5-160
packages\dashboard\tasks\deployment_tasks.py                                      117    117   0.00%   5-355
packages\dashboard\tasks\evaluation_tasks.py                                       53     53   0.00%   5-178
packages\dashboard\tasks\feature_tasks.py                                          85     85   0.00%   5-315
packages\dashboard\tasks\hpo_tasks.py                                             112    112   0.00%   5-271
packages\dashboard\tasks\mat_import_tasks.py                                       78     78   0.00%   5-162
packages\dashboard\tasks\nas_tasks.py                                              76     76   0.00%   5-162
packages\dashboard\tasks\testing_tasks.py                                          59     59   0.00%   5-213
packages\dashboard\tasks\training_tasks.py                                         81     81   0.00%   5-185
packages\dashboard\tasks\xai_tasks.py                                             101    101   0.00%   5-295
packages\dashboard\utils\__init__.py                                                0      0 100.00%
packages\dashboard\utils\auth_utils.py                                             94     94   0.00%   28-330
packages\dashboard\utils\auth_utils_improved.py                                    95     95   0.00%   7-294
packages\dashboard\utils\config_validator.py                                      130    130   0.00%   5-331
packages\dashboard\utils\constants.py                                              21     21   0.00%   4-86
packages\dashboard\utils\data_objects.py                                           21     21   0.00%   2-47
packages\dashboard\utils\evaluation_saver.py                                       49     49   0.00%   5-128
packages\dashboard\utils\exceptions.py                                             16     16   0.00%   6-43
packages\dashboard\utils\file_handler.py                                          104    104   0.00%   5-241
packages\dashboard\utils\formatting.py                                             45     45   0.00%   4-66
packages\dashboard\utils\logger.py                                                 21     21   0.00%   4-46
packages\dashboard\utils\plotting.py                                               44     44   0.00%   4-142
packages\dashboard\utils\query_utils.py                                            45     45   0.00%   2-166
packages\dashboard\utils\session_helper.py                                         40     40   0.00%   5-130
packages\dashboard\utils\signal_loader.py                                         169    169   0.00%   5-321
packages\dashboard\utils\statistical_tests.py                                     103    103   0.00%   5-355
packages\dashboard\utils\validation.py                                             96     96   0.00%   2-320
packages\dashboard\utils\validators.py                                             86     86   0.00%   12-316
packages\dashboard\utils\xai_visualization.py                                     123    123   0.00%   5-497
packages\deployment\__init__.py                                                     0      0 100.00%
packages\deployment\api\__init__.py                                                 4      4   0.00%   10-21
packages\deployment\api\config.py                                                  30     30   0.00%   10-62
packages\deployment\api\main.py                                                   118    118   0.00%   17-360
packages\deployment\api\schemas.py                                                 57     57   0.00%   10-169
packages\deployment\optimization\__init__.py                                        5      5   0.00%   14-43
packages\deployment\optimization\inference.py                                     199    199   0.00%   15-524
packages\deployment\optimization\model_optimization.py                            167    167   0.00%   14-432
packages\deployment\optimization\onnx_export.py                                   171    171   0.00%   14-482
packages\deployment\optimization\quantization.py                                  143    143   0.00%   14-467
utils\__init__.py                                                                   8      0 100.00%
utils\checkpoint_manager.py                                                       148    148   0.00%   16-429
utils\constants.py                                                                191      8  95.81%   301-306, 322-327, 340, 353
utils\device_manager.py                                                           133    111  16.54%   39-60, 74-77, 91-112, 137-147, 164-182, 202-209, 223-234, 251-255, 271-275, 286-312, 326-335, 351-355, 370-382, 405-407, 411-412, 416-418
utils\early_stopping.py                                                           147    147   0.00%   15-370
utils\file_io.py                                                                  172    141  18.02%   40-46, 62-70, 92-98, 114-122, 142-148, 164-172, 213-229, 243-252, 266-275, 288-291, 305-315, 332-336, 353-362, 376-382, 398-405, 419-423, 446-474, 496-519
utils\logging.py                                                                   66     43  34.85%   67-70, 74-90, 132-172
utils\reproducibility.py                                                           49     34  30.61%   42-45, 70-86, 101-114, 129-139
utils\timer.py                                                                    140     99  29.29%   56-61, 65-68, 72-79, 88, 107-115, 139-140, 149-160, 169, 173, 177, 181, 185, 189, 193, 206-209, 221, 254-257, 269, 273-284, 293-303, 312-315, 334-337, 364-377, 400-405, 422-432, 451
utils\visualization_utils.py                                                      108     83  23.15%   60-68, 97-110, 134-139, 158-174, 191, 213, 234-237, 263-272, 300-316, 346-372, 397-411, 435-445
visualization\__init__.py                                                           6      6   0.00%   9-25
visualization\activation_maps_2d.py                                               216    216   0.00%   28-497
visualization\cnn_analysis.py                                                     267    267   0.00%   15-595
visualization\cnn_visualizer.py                                                   202    202   0.00%   19-477
visualization\counterfactual_explanations.py                                      156    156   0.00%   21-379
visualization\feature_visualization.py                                             51     51   0.00%   12-115
visualization\performance_plots.py                                                 62     62   0.00%   12-130
visualization\saliency_maps.py                                                    179    179   0.00%   15-448
visualization\signal_plots.py                                                      68     68   0.00%   12-131
visualization\spectrogram_plots.py                                                172    172   0.00%   30-430
visualization\xai_dashboard.py                                                    315    315   0.00%   29-566
--------------------------------------------------------------------------------------------------------------
TOTAL                                                                           32511  31097   4.35%
Coverage HTML written to dir htmlcov
Coverage XML written to file coverage.xml
=========================== short test summary info ===========================
FAILED tests/test_data_generation.py::TestSignalConfig::test_config_yaml_serialization - yaml.constructor.ConstructorError: could not determine a constructor for the tag 'tag:yaml.org,2002:python/tuple'
  in "C:\Users\COWLAR\AppData\Local\Temp\tmpntw42m4b\test_config.yaml", line 63, column 15
FAILED tests/test_data_generation.py::TestSignalConfig::test_fault_config_enables - AttributeError: 'FaultConfig' object has no attribute 'enable_sain'
FAILED tests/test_data_generation.py::TestReproducibility::test_different_seeds_produce_different_signals - AssertionError: True is not false
SUBFAILED(fault_type='sain') tests/test_data_generation.py::TestFaultModeler::test_all_fault_types_generate - TypeError: FaultModeler.generate_fault_signal() got an unexpected keyword argument 'fs'
SUBFAILED(fault_type='desalignement') tests/test_data_generation.py::TestFaultModeler::test_all_fault_types_generate - TypeError: FaultModeler.generate_fault_signal() got an unexpected keyword argument 'fs'
SUBFAILED(fault_type='desequilibre') tests/test_data_generation.py::TestFaultModeler::test_all_fault_types_generate - TypeError: FaultModeler.generate_fault_signal() got an unexpected keyword argument 'fs'
SUBFAILED(fault_type='jeu') tests/test_data_generation.py::TestFaultModeler::test_all_fault_types_generate - TypeError: FaultModeler.generate_fault_signal() got an unexpected keyword argument 'fs'
SUBFAILED(fault_type='lubrification') tests/test_data_generation.py::TestFaultModeler::test_all_fault_types_generate - TypeError: FaultModeler.generate_fault_signal() got an unexpected keyword argument 'fs'
SUBFAILED(fault_type='cavitation') tests/test_data_generation.py::TestFaultModeler::test_all_fault_types_generate - TypeError: FaultModeler.generate_fault_signal() got an unexpected keyword argument 'fs'
SUBFAILED(fault_type='usure') tests/test_data_generation.py::TestFaultModeler::test_all_fault_types_generate - TypeError: FaultModeler.generate_fault_signal() got an unexpected keyword argument 'fs'
SUBFAILED(fault_type='oilwhirl') tests/test_data_generation.py::TestFaultModeler::test_all_fault_types_generate - TypeError: FaultModeler.generate_fault_signal() got an unexpected keyword argument 'fs'
SUBFAILED(fault_type='mixed_misalign_imbalance') tests/test_data_generation.py::TestFaultModeler::test_all_fault_types_generate - TypeError: FaultModeler.generate_fault_signal() got an unexpected keyword argument 'fs'
SUBFAILED(fault_type='mixed_wear_lube') tests/test_data_generation.py::TestFaultModeler::test_all_fault_types_generate - TypeError: FaultModeler.generate_fault_signal() got an unexpected keyword argument 'fs'
SUBFAILED(fault_type='mixed_cavit_jeu') tests/test_data_generation.py::TestFaultModeler::test_all_fault_types_generate - TypeError: FaultModeler.generate_fault_signal() got an unexpected keyword argument 'fs'
FAILED tests/test_data_generation.py::TestFaultModeler::test_desalignement_harmonics - TypeError: FaultModeler.generate_fault_signal() got an unexpected keyword argument 'fs'
FAILED tests/test_data_generation.py::TestFaultModeler::test_desequilibre_speed_dependence - TypeError: FaultModeler.generate_fault_signal() got an unexpected keyword argument 'fs'
FAILED tests/test_data_generation.py::TestFaultModeler::test_healthy_signal_generation - TypeError: FaultModeler.generate_fault_signal() got an unexpected keyword argument 'fs'
SUBFAILED(noise_type='measurement') tests/test_data_generation.py::TestNoiseGenerator::test_individual_noise_sources - TypeError: NoiseGenerator.apply_noise_layers() takes 2 positional arguments but 3 were given
SUBFAILED(noise_type='emi') tests/test_data_generation.py::TestNoiseGenerator::test_individual_noise_sources - TypeError: NoiseGenerator.apply_noise_layers() takes 2 positional arguments but 3 were given
SUBFAILED(noise_type='pink') tests/test_data_generation.py::TestNoiseGenerator::test_individual_noise_sources - TypeError: NoiseGenerator.apply_noise_layers() takes 2 positional arguments but 3 were given
SUBFAILED(noise_type='drift') tests/test_data_generation.py::TestNoiseGenerator::test_individual_noise_sources - TypeError: NoiseGenerator.apply_noise_layers() takes 2 positional arguments but 3 were given
SUBFAILED(noise_type='quantization') tests/test_data_generation.py::TestNoiseGenerator::test_individual_noise_sources - TypeError: NoiseGenerator.apply_noise_layers() takes 2 positional arguments but 3 were given
SUBFAILED(noise_type='sensor_drift') tests/test_data_generation.py::TestNoiseGenerator::test_individual_noise_sources - TypeError: NoiseGenerator.apply_noise_layers() takes 2 positional arguments but 3 were given
SUBFAILED(noise_type='impulse') tests/test_data_generation.py::TestNoiseGenerator::test_individual_noise_sources - TypeError: NoiseGenerator.apply_noise_layers() takes 2 positional arguments but 3 were given
FAILED tests/test_data_generation.py::TestNoiseGenerator::test_no_noise_when_disabled - TypeError: NoiseGenerator.apply_noise_layers() takes 2 positional arguments but 3 were given
FAILED tests/test_data_generation.py::TestNoiseGenerator::test_noise_increases_signal_power - TypeError: NoiseGenerator.apply_noise_layers() takes 2 positional arguments but 3 were given
FAILED tests/test_data_generation.py::TestSignalGenerator::test_all_faults_present - AttributeError: 'FaultConfig' object has no attribute 'enable_sain'
FAILED tests/test_data_generation.py::TestSignalGenerator::test_augmentation_ratio - AttributeError: 'SignalMetadata' object has no attribute 'get'
FAILED tests/test_data_generation.py::TestSignalGenerator::test_metadata_completeness - TypeError: argument of type 'SignalMetadata' is not a container or iterable
FAILED tests/test_data_generation.py::TestSignalGenerator::test_severity_distribution - TypeError: 'SignalMetadata' object is not subscriptable
FAILED tests/test_data_generation.py::TestSignalGenerator::test_signal_statistics - TypeError: 'SignalMetadata' object is not subscriptable
FAILED tests/test_data_generation.py::TestPhysicsCalculations::test_operating_conditions_variation - TypeError: 'SignalMetadata' object is not subscriptable
FAILED tests/test_data_generation.py::TestHDF5Generation::test_load_from_hdf5 - AssertionError: tensor(5) is not an instance of <class 'int'>
FAILED tests/test_data_generation.py::TestBackwardCompatibility::test_default_save_behavior_unchanged - AssertionError: 'mat_dir' not found in {'hdf5': WindowsPath('C:/Users/COWLAR/AppData/Local/Temp/tmp3qnwobq_/output/dataset.h5')}
================== 34 failed, 14 passed in 347.17s (0:05:47) ==================
